# Screen B, Prepend with removeClippedSubviews on (guard 0.87.1, main, proposed) and off (main). Same take as evidence/ios-clipped-anchor.mp4.
#
# Captured with `xcrun simctl spawn <udid> log stream --predicate 'eventMessage CONTAINS "[mvcp]" OR eventMessage CONTAINS "[repro]"'`.
# [mvcp] lines come from the patched RCTScrollViewComponentView.mm, [repro] lines from App.tsx (JS console).
# iPhone 17 Pro simulator, iOS 26.5, React Native 0.87.1, New Architecture, Hermes.

14:45:05.475 [mvcp] adjust guardMode=0 offset=0.0 contentH=20373.0 anchor=alive tag=5536/5536 attached=YES prevY=0.0 newY=0.0
14:45:25.788 [mvcp] prepare anchorMode=0 offset=0.0 contentH=20373.0 anchor=subviews[0/2] tag=5536 y=0.0 h=204.0
14:45:25.788 [mvcp] adjust guardMode=0 offset=0.0 contentH=20373.0 anchor=alive tag=5536/5536 attached=YES prevY=0.0 newY=0.0
14:45:25.837 [repro] run B prepend 2400pt: anchor stock · guard 0.87.1, removeClippedSubviews true
14:45:25.873 [mvcp] prepare anchorMode=0 offset=0.0 contentH=20373.0 anchor=subviews[0/2] tag=5536 y=0.0 h=204.0
14:45:25.881 [mvcp] adjust guardMode=0 offset=0.0 contentH=20373.0 anchor=nil tag=0/0 attached=NO prevY=0.0 newY=0.0
14:45:25.888 [mvcp] prepare anchorMode=0 offset=0.0 contentH=20373.0 anchor=subviews[0/60] tag=6260 y=0.0 h=204.0
14:45:25.888 [mvcp] adjust guardMode=0 offset=0.0 contentH=20373.0 anchor=alive tag=6260/6260 attached=YES prevY=0.0 newY=0.0
14:45:25.933 [mvcp] prepare anchorMode=0 offset=0.0 contentH=20373.0 anchor=subviews[0/2] tag=6260 y=0.0 h=204.0
14:45:25.933 [mvcp] adjust guardMode=0 offset=0.0 contentH=20373.0 anchor=alive tag=6260/6260 attached=YES prevY=0.0 newY=0.0
14:45:26.652 [repro] scroll y=2000.0 (dy=+2000.0) h=20373.0 (dh=+0.0)
14:45:26.652 [mvcp] prepare anchorMode=0 offset=2000.0 contentH=20373.0 anchor=subviews[0/3] tag=6320 y=1851.0 h=238.0 (straddles the top edge: bottom - offset = 89)
14:45:26.653 [mvcp] adjust guardMode=0 offset=2000.0 contentH=20373.0 anchor=alive tag=6320/6320 attached=YES prevY=1851.0 newY=1851.0
14:45:26.769 [mvcp] prepare anchorMode=0 offset=2000.0 contentH=20373.0 anchor=subviews[0/3] tag=6320 y=1851.0 h=238.0 (straddles the top edge: bottom - offset = 89)
14:45:26.770 [mvcp] adjust guardMode=0 offset=2000.0 contentH=20373.0 anchor=alive tag=6320/6320 attached=YES prevY=1851.0 newY=1851.0
14:45:27.450 [repro] landmark row 6 at screen y=385.3
14:45:27.451 [repro] prepending 12 rows of 200pt
14:45:27.479 [mvcp] prepare anchorMode=0 offset=2000.0 contentH=20373.0 anchor=subviews[0/3] tag=6320 y=1851.0 h=238.0 (straddles the top edge: bottom - offset = 89)
14:45:27.485 [mvcp] adjust guardMode=0 offset=2000.0 contentH=22773.0 anchor=alive tag=6320/6320 attached=NO prevY=1851.0 newY=4251.0
14:45:27.485 [mvcp] adjust corrected deltaY=+2400.0 offset 2000.0 -> 4400.0
14:45:27.486 [mvcp] prepare anchorMode=0 offset=4400.0 contentH=22773.0 anchor=subviews[0/3] tag=6320 y=4251.0 h=238.0 (straddles the top edge: bottom - offset = 89)
14:45:27.486 [repro] scroll y=4400.0 (dy=+2400.0) h=22773.0 (dh=+2400.0) correction #1
14:45:27.486 [mvcp] adjust guardMode=0 offset=4400.0 contentH=22773.0 anchor=alive tag=6320/6320 attached=YES prevY=4251.0 newY=4251.0
14:45:27.550 [mvcp] prepare anchorMode=0 offset=4400.0 contentH=22773.0 anchor=subviews[0/3] tag=6320 y=4251.0 h=238.0 (straddles the top edge: bottom - offset = 89)
14:45:27.550 [mvcp] adjust guardMode=0 offset=4400.0 contentH=22773.0 anchor=alive tag=6320/6320 attached=YES prevY=4251.0 newY=4251.0
14:45:29.465 [repro] verdict: row 6 at screen y=385.3, moved +0.0
14:45:29.569 [mvcp] prepare anchorMode=0 offset=4400.0 contentH=22773.0 anchor=subviews[0/3] tag=6320 y=4251.0 h=238.0 (straddles the top edge: bottom - offset = 89)
14:45:29.569 [mvcp] adjust guardMode=0 offset=4400.0 contentH=22773.0 anchor=alive tag=6320/6320 attached=YES prevY=4251.0 newY=4251.0
14:45:30.642 [mvcp] prepare anchorMode=0 offset=4400.0 contentH=22773.0 anchor=subviews[0/3] tag=6320 y=4251.0 h=238.0 (straddles the top edge: bottom - offset = 89)
14:45:30.643 [mvcp] adjust guardMode=0 offset=4400.0 contentH=22773.0 anchor=alive tag=6320/6320 attached=YES prevY=4251.0 newY=4251.0
14:45:30.718 [mvcp] prepare anchorMode=0 offset=4400.0 contentH=22773.0 anchor=subviews[0/3] tag=6320 y=4251.0 h=238.0 (straddles the top edge: bottom - offset = 89)
14:45:30.718 [mvcp] adjust guardMode=1 offset=4400.0 contentH=22773.0 anchor=alive tag=6320/6320 attached=YES prevY=4251.0 newY=4251.0
14:45:30.782 [mvcp] prepare anchorMode=0 offset=4400.0 contentH=22773.0 anchor=subviews[0/3] tag=6320 y=4251.0 h=238.0 (straddles the top edge: bottom - offset = 89)
14:45:30.783 [mvcp] adjust guardMode=1 offset=4400.0 contentH=22773.0 anchor=alive tag=6320/6320 attached=YES prevY=4251.0 newY=4251.0
14:45:31.496 [mvcp] prepare anchorMode=0 offset=4400.0 contentH=22773.0 anchor=subviews[0/3] tag=6320 y=4251.0 h=238.0 (straddles the top edge: bottom - offset = 89)
14:45:31.497 [mvcp] adjust guardMode=1 offset=4400.0 contentH=22773.0 anchor=alive tag=6320/6320 attached=YES prevY=4251.0 newY=4251.0
14:45:31.543 [repro] run B prepend 2400pt: anchor stock · guard main, removeClippedSubviews true
14:45:31.583 [mvcp] prepare anchorMode=0 offset=4400.0 contentH=22773.0 anchor=subviews[0/3] tag=6320 y=4251.0 h=238.0 (straddles the top edge: bottom - offset = 89)
14:45:31.590 [mvcp] adjust guardMode=1 offset=0.0 contentH=20373.0 anchor=nil tag=0/0 attached=NO prevY=0.0 newY=0.0
14:45:31.590 [mvcp] adjust bail: no anchor (main)
14:45:31.598 [mvcp] prepare anchorMode=0 offset=0.0 contentH=20373.0 anchor=subviews[0/60] tag=7152 y=0.0 h=204.0
14:45:31.599 [mvcp] adjust guardMode=1 offset=0.0 contentH=20373.0 anchor=alive tag=7152/7152 attached=YES prevY=0.0 newY=0.0
14:45:31.633 [mvcp] prepare anchorMode=0 offset=0.0 contentH=20373.0 anchor=subviews[0/2] tag=7152 y=0.0 h=204.0
14:45:31.633 [mvcp] adjust guardMode=1 offset=0.0 contentH=20373.0 anchor=alive tag=7152/7152 attached=YES prevY=0.0 newY=0.0
14:45:32.351 [repro] scroll y=2000.0 (dy=+2000.0) h=20373.0 (dh=+0.0)
14:45:32.351 [mvcp] prepare anchorMode=0 offset=2000.0 contentH=20373.0 anchor=subviews[0/3] tag=7212 y=1851.0 h=238.0 (straddles the top edge: bottom - offset = 89)
14:45:32.351 [mvcp] adjust guardMode=1 offset=2000.0 contentH=20373.0 anchor=alive tag=7212/7212 attached=YES prevY=1851.0 newY=1851.0
14:45:32.419 [mvcp] prepare anchorMode=0 offset=2000.0 contentH=20373.0 anchor=subviews[0/3] tag=7212 y=1851.0 h=238.0 (straddles the top edge: bottom - offset = 89)
14:45:32.420 [mvcp] adjust guardMode=1 offset=2000.0 contentH=20373.0 anchor=alive tag=7212/7212 attached=YES prevY=1851.0 newY=1851.0
14:45:33.149 [repro] landmark row 6 at screen y=385.3
14:45:33.149 [repro] prepending 12 rows of 200pt
14:45:33.172 [mvcp] prepare anchorMode=0 offset=2000.0 contentH=20373.0 anchor=subviews[0/3] tag=7212 y=1851.0 h=238.0 (straddles the top edge: bottom - offset = 89)
14:45:33.176 [mvcp] adjust guardMode=1 offset=2000.0 contentH=22773.0 anchor=alive tag=7212/7212 attached=NO prevY=1851.0 newY=4251.0
14:45:33.176 [mvcp] adjust bail: anchor not a subview of the content view (main)
14:45:35.165 [repro] verdict: row 6 at screen y=2785.3, moved +2400.0
14:45:35.270 [mvcp] prepare anchorMode=0 offset=2000.0 contentH=22773.0 anchor=subviews[1/5] tag=8002 y=2000.0 h=200.0
14:45:35.271 [mvcp] adjust guardMode=1 offset=2000.0 contentH=22773.0 anchor=alive tag=8002/8002 attached=YES prevY=2000.0 newY=2000.0
14:45:36.349 [mvcp] prepare anchorMode=0 offset=2000.0 contentH=22773.0 anchor=subviews[1/5] tag=8002 y=2000.0 h=200.0
14:45:36.349 [mvcp] adjust guardMode=1 offset=2000.0 contentH=22773.0 anchor=alive tag=8002/8002 attached=YES prevY=2000.0 newY=2000.0
14:45:36.430 [mvcp] prepare anchorMode=0 offset=2000.0 contentH=22773.0 anchor=subviews[1/5] tag=8002 y=2000.0 h=200.0
14:45:36.431 [mvcp] adjust guardMode=2 offset=2000.0 contentH=22773.0 anchor=alive tag=8002/8002 attached=YES prevY=2000.0 newY=2000.0
14:45:36.483 [mvcp] prepare anchorMode=0 offset=2000.0 contentH=22773.0 anchor=subviews[1/5] tag=8002 y=2000.0 h=200.0
14:45:36.483 [mvcp] adjust guardMode=2 offset=2000.0 contentH=22773.0 anchor=alive tag=8002/8002 attached=YES prevY=2000.0 newY=2000.0
14:45:37.200 [mvcp] prepare anchorMode=0 offset=2000.0 contentH=22773.0 anchor=subviews[1/5] tag=8002 y=2000.0 h=200.0
14:45:37.200 [mvcp] adjust guardMode=2 offset=2000.0 contentH=22773.0 anchor=alive tag=8002/8002 attached=YES prevY=2000.0 newY=2000.0
14:45:37.249 [repro] run B prepend 2400pt: anchor stock · guard fix, removeClippedSubviews true
14:45:37.274 [mvcp] prepare anchorMode=0 offset=2000.0 contentH=22773.0 anchor=subviews[1/5] tag=8002 y=2000.0 h=200.0
14:45:37.280 [mvcp] adjust guardMode=2 offset=0.0 contentH=20373.0 anchor=nil tag=0/0 attached=NO prevY=0.0 newY=0.0
14:45:37.280 [mvcp] adjust bail: no anchor (proposed)
14:45:37.286 [mvcp] prepare anchorMode=0 offset=0.0 contentH=20373.0 anchor=subviews[0/60] tag=8036 y=0.0 h=204.0
14:45:37.286 [mvcp] adjust guardMode=2 offset=0.0 contentH=20373.0 anchor=alive tag=8036/8036 attached=YES prevY=0.0 newY=0.0
14:45:37.332 [mvcp] prepare anchorMode=0 offset=0.0 contentH=20373.0 anchor=subviews[0/2] tag=8036 y=0.0 h=204.0
14:45:37.333 [mvcp] adjust guardMode=2 offset=0.0 contentH=20373.0 anchor=alive tag=8036/8036 attached=YES prevY=0.0 newY=0.0
14:45:38.067 [repro] scroll y=2000.0 (dy=+2000.0) h=20373.0 (dh=+0.0)
14:45:38.068 [mvcp] prepare anchorMode=0 offset=2000.0 contentH=20373.0 anchor=subviews[0/3] tag=8096 y=1851.0 h=238.0 (straddles the top edge: bottom - offset = 89)
14:45:38.068 [mvcp] adjust guardMode=2 offset=2000.0 contentH=20373.0 anchor=alive tag=8096/8096 attached=YES prevY=1851.0 newY=1851.0
14:45:38.102 [mvcp] prepare anchorMode=0 offset=2000.0 contentH=20373.0 anchor=subviews[0/3] tag=8096 y=1851.0 h=238.0 (straddles the top edge: bottom - offset = 89)
14:45:38.102 [mvcp] adjust guardMode=2 offset=2000.0 contentH=20373.0 anchor=alive tag=8096/8096 attached=YES prevY=1851.0 newY=1851.0
14:45:38.866 [repro] landmark row 6 at screen y=385.3
14:45:38.866 [repro] prepending 12 rows of 200pt
14:45:38.894 [mvcp] prepare anchorMode=0 offset=2000.0 contentH=20373.0 anchor=subviews[0/3] tag=8096 y=1851.0 h=238.0 (straddles the top edge: bottom - offset = 89)
14:45:38.900 [mvcp] adjust guardMode=2 offset=2000.0 contentH=22773.0 anchor=alive tag=8096/8096 attached=NO prevY=1851.0 newY=4251.0
14:45:38.900 [mvcp] adjust corrected deltaY=+2400.0 offset 2000.0 -> 4400.0
14:45:38.902 [repro] scroll y=4400.0 (dy=+2400.0) h=22773.0 (dh=+2400.0) correction #1
14:45:38.902 [mvcp] prepare anchorMode=0 offset=4400.0 contentH=22773.0 anchor=subviews[0/3] tag=8096 y=4251.0 h=238.0 (straddles the top edge: bottom - offset = 89)
14:45:38.902 [mvcp] adjust guardMode=2 offset=4400.0 contentH=22773.0 anchor=alive tag=8096/8096 attached=YES prevY=4251.0 newY=4251.0
14:45:39.001 [mvcp] prepare anchorMode=0 offset=4400.0 contentH=22773.0 anchor=subviews[0/3] tag=8096 y=4251.0 h=238.0 (straddles the top edge: bottom - offset = 89)
14:45:39.001 [mvcp] adjust guardMode=2 offset=4400.0 contentH=22773.0 anchor=alive tag=8096/8096 attached=YES prevY=4251.0 newY=4251.0
14:45:40.882 [repro] verdict: row 6 at screen y=385.3, moved +0.0
14:45:40.935 [mvcp] prepare anchorMode=0 offset=4400.0 contentH=22773.0 anchor=subviews[0/3] tag=8096 y=4251.0 h=238.0 (straddles the top edge: bottom - offset = 89)
14:45:40.935 [mvcp] adjust guardMode=2 offset=4400.0 contentH=22773.0 anchor=alive tag=8096/8096 attached=YES prevY=4251.0 newY=4251.0
14:45:42.056 [mvcp] prepare anchorMode=0 offset=4400.0 contentH=22773.0 anchor=subviews[0/3] tag=8096 y=4251.0 h=238.0 (straddles the top edge: bottom - offset = 89)
14:45:42.056 [mvcp] adjust guardMode=2 offset=4400.0 contentH=22773.0 anchor=alive tag=8096/8096 attached=YES prevY=4251.0 newY=4251.0
14:45:42.129 [mvcp] prepare anchorMode=0 offset=4400.0 contentH=22773.0 anchor=subviews[0/3] tag=8096 y=4251.0 h=238.0 (straddles the top edge: bottom - offset = 89)
14:45:42.129 [mvcp] adjust guardMode=1 offset=4400.0 contentH=22773.0 anchor=alive tag=8096/8096 attached=YES prevY=4251.0 newY=4251.0
14:45:42.199 [mvcp] prepare anchorMode=0 offset=4400.0 contentH=22773.0 anchor=subviews[0/3] tag=8096 y=4251.0 h=238.0 (straddles the top edge: bottom - offset = 89)
14:45:42.199 [mvcp] adjust guardMode=1 offset=4400.0 contentH=22773.0 anchor=alive tag=8096/8096 attached=YES prevY=4251.0 newY=4251.0
14:45:42.789 [mvcp] prepare anchorMode=0 offset=4400.0 contentH=22773.0 anchor=subviews[0/3] tag=8096 y=4251.0 h=238.0 (straddles the top edge: bottom - offset = 89)
14:45:42.796 [mvcp] adjust guardMode=1 offset=0.0 contentH=20373.0 anchor=nil tag=0/0 attached=NO prevY=0.0 newY=0.0
14:45:42.796 [mvcp] adjust bail: no anchor (main)
14:45:43.962 [mvcp] prepare anchorMode=0 offset=0.0 contentH=20373.0 anchor=subviews[0/60] tag=8930 y=0.0 h=204.0
14:45:43.963 [mvcp] adjust guardMode=1 offset=0.0 contentH=20373.0 anchor=alive tag=8930/8930 attached=YES prevY=0.0 newY=0.0
14:45:44.008 [repro] run B prepend 2400pt: anchor stock · guard main, removeClippedSubviews false
14:45:44.047 [mvcp] prepare anchorMode=0 offset=0.0 contentH=20373.0 anchor=subviews[0/60] tag=8930 y=0.0 h=204.0
14:45:44.055 [mvcp] adjust guardMode=1 offset=0.0 contentH=20373.0 anchor=nil tag=0/0 attached=NO prevY=0.0 newY=0.0
14:45:44.055 [mvcp] adjust bail: no anchor (main)
14:45:44.099 [mvcp] prepare anchorMode=0 offset=0.0 contentH=20373.0 anchor=subviews[0/60] tag=9654 y=0.0 h=204.0
14:45:44.099 [mvcp] adjust guardMode=1 offset=0.0 contentH=20373.0 anchor=alive tag=9654/9654 attached=YES prevY=0.0 newY=0.0
14:45:44.816 [repro] scroll y=2000.0 (dy=+2000.0) h=20373.0 (dh=+0.0)
14:45:44.816 [mvcp] prepare anchorMode=0 offset=2000.0 contentH=20373.0 anchor=subviews[5/60] tag=9714 y=1851.0 h=238.0 (straddles the top edge: bottom - offset = 89)
14:45:44.816 [mvcp] adjust guardMode=1 offset=2000.0 contentH=20373.0 anchor=alive tag=9714/9714 attached=YES prevY=1851.0 newY=1851.0
14:45:44.914 [mvcp] prepare anchorMode=0 offset=2000.0 contentH=20373.0 anchor=subviews[5/60] tag=9714 y=1851.0 h=238.0 (straddles the top edge: bottom - offset = 89)
14:45:44.914 [mvcp] adjust guardMode=1 offset=2000.0 contentH=20373.0 anchor=alive tag=9714/9714 attached=YES prevY=1851.0 newY=1851.0
14:45:45.615 [repro] landmark row 6 at screen y=385.3
14:45:45.615 [repro] prepending 12 rows of 200pt
14:45:45.648 [mvcp] prepare anchorMode=0 offset=2000.0 contentH=20373.0 anchor=subviews[5/60] tag=9714 y=1851.0 h=238.0 (straddles the top edge: bottom - offset = 89)
14:45:45.654 [mvcp] adjust guardMode=1 offset=2000.0 contentH=22773.0 anchor=alive tag=9714/9714 attached=YES prevY=1851.0 newY=4251.0
14:45:45.654 [mvcp] adjust corrected deltaY=+2400.0 offset 2000.0 -> 4400.0
14:45:45.657 [mvcp] prepare anchorMode=0 offset=4400.0 contentH=22773.0 anchor=subviews[17/72] tag=9714 y=4251.0 h=238.0 (straddles the top edge: bottom - offset = 89)
14:45:45.657 [repro] scroll y=4400.0 (dy=+2400.0) h=22773.0 (dh=+2400.0) correction #1
14:45:45.657 [mvcp] adjust guardMode=1 offset=4400.0 contentH=22773.0 anchor=alive tag=9714/9714 attached=YES prevY=4251.0 newY=4251.0
14:45:45.682 [mvcp] prepare anchorMode=0 offset=4400.0 contentH=22773.0 anchor=subviews[17/72] tag=9714 y=4251.0 h=238.0 (straddles the top edge: bottom - offset = 89)
14:45:45.683 [mvcp] adjust guardMode=1 offset=4400.0 contentH=22773.0 anchor=alive tag=9714/9714 attached=YES prevY=4251.0 newY=4251.0
14:45:47.631 [repro] verdict: row 6 at screen y=385.3, moved +0.0
14:45:47.719 [mvcp] prepare anchorMode=0 offset=4400.0 contentH=22773.0 anchor=subviews[17/72] tag=9714 y=4251.0 h=238.0 (straddles the top edge: bottom - offset = 89)
