# Screen A with ListHeaderComponent off. Stock: the interior spacer straddles the top edge by one float32 ulp (bottom - offset = 0.000244141) and is still picked. Then the proposed fix, twice.
#
# Captured with `xcrun simctl spawn <udid> log stream --predicate 'eventMessage CONTAINS "[mvcp]" OR eventMessage CONTAINS "[repro]"'`.
# [mvcp] lines come from the patched RCTScrollViewComponentView.mm, [repro] lines from App.tsx (JS console).
# iPhone 17 Pro simulator, iOS 26.5, React Native 0.87.1, New Architecture, Hermes.

15:05:19.470 [mvcp] adjust guardMode=0 offset=0.0 contentH=6562.0 anchor=alive tag=154/154 attached=YES prevY=120.0 newY=120.0
15:05:32.636 [repro] contentSize h=3572.0 vl=[0,9]
15:05:32.638 [mvcp] prepare anchorMode=0 offset=0.0 contentH=6562.0 anchor=subviews[1/21] tag=154 y=120.0 h=204.0
15:05:32.650 [mvcp] adjust guardMode=0 offset=0.0 contentH=3572.0 anchor=nil tag=0/0 attached=NO prevY=0.0 newY=0.0
15:05:32.710 [mvcp] prepare anchorMode=0 offset=0.0 contentH=3572.0 anchor=subviews[0/11] tag=434 y=0.0 h=204.0
15:05:32.712 [mvcp] adjust guardMode=0 offset=0.0 contentH=6442.0 anchor=alive tag=434/434 attached=YES prevY=0.0 newY=0.0
15:05:32.713 [repro] contentSize h=6442.0 vl=[0,18]
15:05:32.772 [mvcp] prepare anchorMode=0 offset=0.0 contentH=6442.0 anchor=subviews[0/20] tag=434 y=0.0 h=204.0
15:05:32.773 [mvcp] adjust guardMode=0 offset=0.0 contentH=6664.0 anchor=alive tag=434/434 attached=YES prevY=0.0 newY=0.0
15:05:32.774 [repro] contentSize h=6664.0 vl=[0,19]
15:05:34.102 [mvcp] prepare anchorMode=0 offset=0.0 contentH=6664.0 anchor=subviews[0/21] tag=434 y=0.0 h=204.0
15:05:34.103 [mvcp] adjust guardMode=0 offset=0.0 contentH=6664.0 anchor=alive tag=434/434 attached=YES prevY=0.0 newY=0.0
15:05:34.148 [repro] run A: anchor stock · guard 0.87.1, header off
15:05:34.166 [mvcp] prepare anchorMode=0 offset=0.0 contentH=6664.0 anchor=subviews[0/21] tag=434 y=0.0 h=204.0
15:05:34.169 [mvcp] adjust guardMode=0 offset=0.0 contentH=3572.0 anchor=nil tag=0/0 attached=NO prevY=0.0 newY=0.0
15:05:34.172 [repro] contentSize h=3572.0 vl=[0,9]
15:05:34.247 [mvcp] prepare anchorMode=0 offset=0.0 contentH=3572.0 anchor=subviews[0/11] tag=726 y=0.0 h=204.0
15:05:34.250 [mvcp] adjust guardMode=0 offset=0.0 contentH=6442.0 anchor=alive tag=726/726 attached=YES prevY=0.0 newY=0.0
15:05:34.250 [repro] contentSize h=6442.0 vl=[0,18]
15:05:34.306 [mvcp] prepare anchorMode=0 offset=0.0 contentH=6442.0 anchor=subviews[0/20] tag=726 y=0.0 h=204.0
15:05:34.307 [mvcp] adjust guardMode=0 offset=0.0 contentH=6664.0 anchor=alive tag=726/726 attached=YES prevY=0.0 newY=0.0
15:05:34.308 [repro] contentSize h=6664.0 vl=[0,19]
15:05:36.655 [repro] landmark row 0 at screen y=278.3
15:05:36.655 [repro] prepending 20 rows of 60pt at y=0.0 h=0.0
15:05:36.699 [repro] contentSize h=10596.0 vl=[20,39]
15:05:36.700 [mvcp] prepare anchorMode=0 offset=0.0 contentH=6664.0 anchor=subviews[0/21] tag=726 y=0.0 h=204.0
15:05:36.703 [mvcp] adjust guardMode=0 offset=0.0 contentH=10596.0 anchor=alive tag=726/726 attached=YES prevY=0.0 newY=3932.0
15:05:36.703 [mvcp] adjust corrected deltaY=+3932.0 offset 0.0 -> 3932.0
15:05:36.711 [mvcp] prepare anchorMode=0 offset=3932.0 contentH=10596.0 anchor=subviews[10/32] tag=1146 y=600.0 h=3332.0 (straddles the top edge: bottom - offset = 0.000244141)
15:05:36.712 [mvcp] adjust guardMode=0 offset=3932.0 contentH=10596.0 anchor=alive tag=1146/1146 attached=YES prevY=600.0 newY=600.0
15:05:36.712 [repro] scroll y=3932.0 (dy=+3932.0) h=10596.0 (dh=+0.0) vl=[20,39]
15:05:36.715 [mvcp] prepare anchorMode=0 offset=3932.0 contentH=10596.0 anchor=subviews[10/32] tag=1146 y=600.0 h=3332.0 (straddles the top edge: bottom - offset = 0.000244141)
15:05:36.716 [mvcp] adjust guardMode=0 offset=3932.0 contentH=9685.3 anchor=alive tag=1146/1146 attached=YES prevY=600.0 newY=600.0
15:05:36.716 [repro] contentSize h=9685.3 vl=[20,39]
15:05:36.764 [mvcp] prepare anchorMode=0 offset=3932.0 contentH=9685.3 anchor=subviews[13/32] tag=754 y=3658.3 h=532.0 (straddles the top edge: bottom - offset = 258.333)
15:05:36.767 [mvcp] adjust guardMode=0 offset=3932.0 contentH=9530.0 anchor=alive tag=754/754 attached=YES prevY=3658.3 newY=1837.0
15:05:36.767 [mvcp] adjust corrected deltaY=-1821.3 offset 3932.0 -> 2110.7
15:05:36.769 [mvcp] prepare anchorMode=0 offset=2110.7 contentH=9530.0 anchor=subviews[22/45] tag=754 y=1837.0 h=532.0 (straddles the top edge: bottom - offset = 258.333)
15:05:36.769 [repro] contentSize h=9530.0 vl=[0,43]
15:05:36.769 [mvcp] adjust guardMode=0 offset=2110.7 contentH=9530.0 anchor=alive tag=754/754 attached=YES prevY=1837.0 newY=1837.0
15:05:36.770 [repro] scroll y=2110.7 (dy=-1821.3) h=9530.0 (dh=-1066.0) vl=[0,43]
15:05:36.821 [mvcp] prepare anchorMode=0 offset=2110.7 contentH=9530.0 anchor=subviews[22/45] tag=754 y=1837.0 h=532.0 (straddles the top edge: bottom - offset = 258.333)
15:05:36.822 [mvcp] adjust guardMode=0 offset=2110.7 contentH=9530.0 anchor=alive tag=754/754 attached=YES prevY=1837.0 newY=1837.0
15:05:39.669 [repro] verdict: row 0 at screen y=-632.3, moved -910.7
15:05:39.738 [mvcp] prepare anchorMode=0 offset=2110.7 contentH=9530.0 anchor=subviews[22/43] tag=754 y=1837.0 h=532.0 (straddles the top edge: bottom - offset = 258.333)
15:05:39.738 [mvcp] adjust guardMode=0 offset=2110.7 contentH=9530.0 anchor=alive tag=754/754 attached=YES prevY=1837.0 newY=1837.0
15:05:40.650 [mvcp] prepare anchorMode=0 offset=2110.7 contentH=9530.0 anchor=subviews[22/43] tag=754 y=1837.0 h=532.0 (straddles the top edge: bottom - offset = 258.333)
15:05:40.651 [mvcp] adjust guardMode=0 offset=2110.7 contentH=9530.0 anchor=alive tag=754/754 attached=YES prevY=1837.0 newY=1837.0
15:05:40.727 [mvcp] prepare anchorMode=2 offset=2110.7 contentH=9530.0 anchor=subviews[22/43] tag=754 y=1837.0 h=532.0 (straddles the top edge: bottom - offset = 258.333) fallback=subviews[23] tag=768 y=2369.0
15:05:40.728 [mvcp] adjust guardMode=0 offset=2110.7 contentH=9530.0 anchor=alive tag=754/754 attached=YES prevY=1837.0 newY=1837.0
15:05:40.785 [mvcp] prepare anchorMode=2 offset=2110.7 contentH=9530.0 anchor=subviews[22/43] tag=754 y=1837.0 h=532.0 (straddles the top edge: bottom - offset = 258.333) fallback=subviews[23] tag=768 y=2369.0
15:05:40.786 [mvcp] adjust guardMode=0 offset=2110.7 contentH=9530.0 anchor=alive tag=754/754 attached=YES prevY=1837.0 newY=1837.0
15:05:41.006 [mvcp] prepare anchorMode=2 offset=2110.7 contentH=9530.0 anchor=subviews[22/43] tag=754 y=1837.0 h=532.0 (straddles the top edge: bottom - offset = 258.333) fallback=subviews[23] tag=768 y=2369.0
15:05:41.007 [mvcp] adjust guardMode=0 offset=2110.7 contentH=9530.0 anchor=alive tag=754/754 attached=YES prevY=1837.0 newY=1837.0
15:05:41.076 [mvcp] prepare anchorMode=2 offset=2110.7 contentH=9530.0 anchor=subviews[22/43] tag=754 y=1837.0 h=532.0 (straddles the top edge: bottom - offset = 258.333) fallback=subviews[23] tag=768 y=2369.0
15:05:41.077 [mvcp] adjust guardMode=1 offset=2110.7 contentH=9530.0 anchor=alive tag=754/754 attached=YES prevY=1837.0 newY=1837.0
15:05:41.136 [mvcp] prepare anchorMode=2 offset=2110.7 contentH=9530.0 anchor=subviews[22/43] tag=754 y=1837.0 h=532.0 (straddles the top edge: bottom - offset = 258.333) fallback=subviews[23] tag=768 y=2369.0
15:05:41.136 [mvcp] adjust guardMode=1 offset=2110.7 contentH=9530.0 anchor=alive tag=754/754 attached=YES prevY=1837.0 newY=1837.0
15:05:41.558 [mvcp] prepare anchorMode=2 offset=2110.7 contentH=9530.0 anchor=subviews[22/43] tag=754 y=1837.0 h=532.0 (straddles the top edge: bottom - offset = 258.333) fallback=subviews[23] tag=768 y=2369.0
15:05:41.558 [mvcp] adjust guardMode=1 offset=2110.7 contentH=9530.0 anchor=alive tag=754/754 attached=YES prevY=1837.0 newY=1837.0
15:05:41.619 [repro] run A: anchor fix · guard main, header off
15:05:41.637 [mvcp] prepare anchorMode=2 offset=2110.7 contentH=9530.0 anchor=subviews[22/43] tag=754 y=1837.0 h=532.0 (straddles the top edge: bottom - offset = 258.333) fallback=subviews[23] tag=768 y=2369.0
15:05:41.640 [mvcp] adjust guardMode=1 offset=0.0 contentH=3572.0 anchor=nil tag=0/0 attached=NO prevY=0.0 newY=0.0
15:05:41.640 [mvcp] adjust bail: no anchor (main)
15:05:41.642 [repro] contentSize h=3572.0 vl=[0,9]
15:05:41.714 [mvcp] prepare anchorMode=2 offset=0.0 contentH=3572.0 anchor=subviews[0/11] tag=1380 y=0.0 h=204.0
15:05:41.722 [mvcp] adjust guardMode=1 offset=0.0 contentH=6442.0 anchor=alive tag=1380/1380 attached=YES prevY=0.0 newY=0.0
15:05:41.724 [repro] contentSize h=6442.0 vl=[0,18]
15:05:41.773 [mvcp] prepare anchorMode=2 offset=0.0 contentH=6442.0 anchor=subviews[0/20] tag=1380 y=0.0 h=204.0
15:05:41.774 [mvcp] adjust guardMode=1 offset=0.0 contentH=6664.0 anchor=alive tag=1380/1380 attached=YES prevY=0.0 newY=0.0
15:05:41.775 [repro] contentSize h=6664.0 vl=[0,19]
15:05:44.135 [repro] landmark row 0 at screen y=278.3
15:05:44.135 [repro] prepending 20 rows of 60pt at y=0.0 h=0.0
15:05:44.172 [repro] contentSize h=10596.0 vl=[20,39]
15:05:44.173 [mvcp] prepare anchorMode=2 offset=0.0 contentH=6664.0 anchor=subviews[0/21] tag=1380 y=0.0 h=204.0
15:05:44.176 [mvcp] adjust guardMode=1 offset=0.0 contentH=10596.0 anchor=alive tag=1380/1380 attached=YES prevY=0.0 newY=3932.0
15:05:44.176 [mvcp] adjust corrected deltaY=+3932.0 offset 0.0 -> 3932.0
15:05:44.178 [mvcp] prepare anchorMode=2 offset=3932.0 contentH=10596.0 anchor=subviews[10/32] tag=1800 y=600.0 h=3332.0 (straddles the top edge: bottom - offset = 0.000244141) fallback=subviews[11] tag=1380 y=3932.0
15:05:44.178 [repro] scroll y=3932.0 (dy=+3932.0) h=10596.0 (dh=+0.0) vl=[20,39]
15:05:44.178 [mvcp] adjust guardMode=1 offset=3932.0 contentH=10596.0 anchor=alive tag=1800/1800 attached=YES prevY=600.0 newY=600.0
15:05:44.182 [mvcp] prepare anchorMode=2 offset=3932.0 contentH=10596.0 anchor=subviews[10/32] tag=1800 y=600.0 h=3332.0 (straddles the top edge: bottom - offset = 0.000244141) fallback=subviews[11] tag=1380 y=3932.0
15:05:44.182 [mvcp] adjust: straddling anchor alive tag=1800/1800 h 3332.0 -> 2421.3, measuring fallback tag=1380 instead
15:05:44.182 [mvcp] adjust guardMode=1 offset=3932.0 contentH=9685.3 anchor=alive tag=1380/1380 attached=YES prevY=3932.0 newY=3021.3
15:05:44.183 [mvcp] adjust corrected deltaY=-910.7 offset 3932.0 -> 3021.3
15:05:44.183 [repro] contentSize h=9685.3 vl=[20,39]
15:05:44.183 [mvcp] prepare anchorMode=2 offset=3021.3 contentH=9685.3 anchor=subviews[10/32] tag=1800 y=600.0 h=2421.3 (straddles the top edge: bottom - offset = 0.00016276) fallback=subviews[11] tag=1380 y=3021.3
15:05:44.183 [mvcp] adjust guardMode=1 offset=3021.3 contentH=9685.3 anchor=alive tag=1800/1800 attached=YES prevY=600.0 newY=600.0
15:05:44.184 [repro] scroll y=3021.3 (dy=-910.7) h=9685.3 (dh=-910.7) correction #1 vl=[20,39]
15:05:44.200 [mvcp] prepare anchorMode=2 offset=3021.3 contentH=9685.3 anchor=subviews[10/32] tag=1800 y=600.0 h=2421.3 (straddles the top edge: bottom - offset = 0.00016276) fallback=subviews[11] tag=1380 y=3021.3
15:05:44.202 [mvcp] adjust: straddling anchor alive tag=1942/1800 h 2421.3 -> 60.0, measuring fallback tag=1380 instead
15:05:44.202 [mvcp] adjust guardMode=1 offset=3021.3 contentH=7864.0 anchor=alive tag=1380/1380 attached=YES prevY=3021.3 newY=1200.0
15:05:44.203 [mvcp] adjust corrected deltaY=-1821.3 offset 3021.3 -> 1200.0
15:05:44.204 [mvcp] prepare anchorMode=2 offset=1200.0 contentH=7864.0 anchor=subviews[20/41] tag=1380 y=1200.0 h=204.0
15:05:44.204 [repro] contentSize h=7864.0 vl=[0,39]
15:05:44.204 [mvcp] adjust guardMode=1 offset=1200.0 contentH=7864.0 anchor=alive tag=1380/1380 attached=YES prevY=1200.0 newY=1200.0
15:05:44.205 [repro] scroll y=1200.0 (dy=-1821.3) h=7864.0 (dh=-1821.3) correction #2 vl=[0,39]
15:05:44.235 [mvcp] prepare anchorMode=2 offset=1200.0 contentH=7864.0 anchor=subviews[20/41] tag=1380 y=1200.0 h=204.0
15:05:44.236 [mvcp] adjust guardMode=1 offset=1200.0 contentH=7864.0 anchor=alive tag=1380/1380 attached=YES prevY=1200.0 newY=1200.0
15:05:47.151 [repro] verdict: row 0 at screen y=278.3, moved +0.0
15:05:47.205 [mvcp] prepare anchorMode=2 offset=1200.0 contentH=7864.0 anchor=subviews[20/41] tag=1380 y=1200.0 h=204.0
15:05:47.205 [mvcp] adjust guardMode=1 offset=1200.0 contentH=7864.0 anchor=alive tag=1380/1380 attached=YES prevY=1200.0 newY=1200.0
15:05:48.112 [mvcp] prepare anchorMode=2 offset=1200.0 contentH=7864.0 anchor=subviews[20/41] tag=1380 y=1200.0 h=204.0
15:05:48.112 [mvcp] adjust guardMode=1 offset=1200.0 contentH=7864.0 anchor=alive tag=1380/1380 attached=YES prevY=1200.0 newY=1200.0
15:05:48.158 [repro] run A: anchor fix · guard main, header off
15:05:48.177 [mvcp] prepare anchorMode=2 offset=1200.0 contentH=7864.0 anchor=subviews[20/41] tag=1380 y=1200.0 h=204.0
15:05:48.181 [mvcp] adjust guardMode=1 offset=0.0 contentH=3572.0 anchor=nil tag=0/0 attached=NO prevY=0.0 newY=0.0
15:05:48.181 [mvcp] adjust bail: no anchor (main)
15:05:48.181 [repro] contentSize h=3572.0 vl=[0,9]
15:05:48.242 [mvcp] prepare anchorMode=2 offset=0.0 contentH=3572.0 anchor=subviews[0/11] tag=1974 y=0.0 h=204.0
15:05:48.244 [mvcp] adjust guardMode=1 offset=0.0 contentH=6442.0 anchor=alive tag=1974/1974 attached=YES prevY=0.0 newY=0.0
15:05:48.246 [repro] contentSize h=6442.0 vl=[0,18]
15:05:48.251 [mvcp] prepare anchorMode=2 offset=0.0 contentH=6442.0 anchor=subviews[0/20] tag=1974 y=0.0 h=204.0
15:05:48.252 [mvcp] adjust guardMode=1 offset=0.0 contentH=6442.0 anchor=alive tag=1974/1974 attached=YES prevY=0.0 newY=0.0
15:05:48.305 [mvcp] prepare anchorMode=2 offset=0.0 contentH=6442.0 anchor=subviews[0/20] tag=1974 y=0.0 h=204.0
15:05:48.306 [mvcp] adjust guardMode=1 offset=0.0 contentH=6664.0 anchor=alive tag=1974/1974 attached=YES prevY=0.0 newY=0.0
15:05:48.306 [repro] contentSize h=6664.0 vl=[0,19]
15:05:50.668 [repro] landmark row 0 at screen y=278.3
15:05:50.668 [repro] prepending 20 rows of 60pt at y=0.0 h=0.0
15:05:50.698 [repro] contentSize h=10596.0 vl=[20,39]
15:05:50.698 [mvcp] prepare anchorMode=2 offset=0.0 contentH=6664.0 anchor=subviews[0/21] tag=1974 y=0.0 h=204.0
15:05:50.701 [mvcp] adjust guardMode=1 offset=0.0 contentH=10596.0 anchor=alive tag=1974/1974 attached=YES prevY=0.0 newY=3932.0
15:05:50.701 [mvcp] adjust corrected deltaY=+3932.0 offset 0.0 -> 3932.0
15:05:50.703 [mvcp] prepare anchorMode=2 offset=3932.0 contentH=10596.0 anchor=subviews[10/32] tag=2394 y=600.0 h=3332.0 (straddles the top edge: bottom - offset = 0.000244141) fallback=subviews[11] tag=1974 y=3932.0
15:05:50.704 [repro] scroll y=3932.0 (dy=+3932.0) h=10596.0 (dh=+0.0) vl=[20,39]
15:05:50.704 [mvcp] adjust guardMode=1 offset=3932.0 contentH=10596.0 anchor=alive tag=2394/2394 attached=YES prevY=600.0 newY=600.0
15:05:50.708 [mvcp] prepare anchorMode=2 offset=3932.0 contentH=10596.0 anchor=subviews[10/32] tag=2394 y=600.0 h=3332.0 (straddles the top edge: bottom - offset = 0.000244141) fallback=subviews[11] tag=1974 y=3932.0
15:05:50.708 [mvcp] adjust: straddling anchor alive tag=2394/2394 h 3332.0 -> 2421.3, measuring fallback tag=1974 instead
15:05:50.708 [mvcp] adjust guardMode=1 offset=3932.0 contentH=9685.3 anchor=alive tag=1974/1974 attached=YES prevY=3932.0 newY=3021.3
15:05:50.709 [mvcp] adjust corrected deltaY=-910.7 offset 3932.0 -> 3021.3
15:05:50.709 [repro] contentSize h=9685.3 vl=[20,39]
15:05:50.709 [mvcp] prepare anchorMode=2 offset=3021.3 contentH=9685.3 anchor=subviews[10/32] tag=2394 y=600.0 h=2421.3 (straddles the top edge: bottom - offset = 0.00016276) fallback=subviews[11] tag=1974 y=3021.3
15:05:50.709 [mvcp] adjust guardMode=1 offset=3021.3 contentH=9685.3 anchor=alive tag=2394/2394 attached=YES prevY=600.0 newY=600.0
15:05:50.710 [repro] scroll y=3021.3 (dy=-910.7) h=9685.3 (dh=-910.7) correction #1 vl=[20,39]
15:05:50.722 [mvcp] prepare anchorMode=2 offset=3021.3 contentH=9685.3 anchor=subviews[10/32] tag=2394 y=600.0 h=2421.3 (straddles the top edge: bottom - offset = 0.00016276) fallback=subviews[11] tag=1974 y=3021.3
15:05:50.725 [mvcp] adjust: straddling anchor alive tag=2536/2394 h 2421.3 -> 60.0, measuring fallback tag=1974 instead
15:05:50.725 [mvcp] adjust guardMode=1 offset=3021.3 contentH=7864.0 anchor=alive tag=1974/1974 attached=YES prevY=3021.3 newY=1200.0
15:05:50.726 [mvcp] adjust corrected deltaY=-1821.3 offset 3021.3 -> 1200.0
15:05:50.726 [mvcp] prepare anchorMode=2 offset=1200.0 contentH=7864.0 anchor=subviews[20/41] tag=1974 y=1200.0 h=204.0
15:05:50.726 [repro] contentSize h=7864.0 vl=[0,39]
15:05:50.726 [mvcp] adjust guardMode=1 offset=1200.0 contentH=7864.0 anchor=alive tag=1974/1974 attached=YES prevY=1200.0 newY=1200.0
15:05:50.727 [repro] scroll y=1200.0 (dy=-1821.3) h=7864.0 (dh=-1821.3) correction #2 vl=[0,39]
15:05:50.769 [mvcp] prepare anchorMode=2 offset=1200.0 contentH=7864.0 anchor=subviews[20/41] tag=1974 y=1200.0 h=204.0
15:05:50.769 [mvcp] adjust guardMode=1 offset=1200.0 contentH=7864.0 anchor=alive tag=1974/1974 attached=YES prevY=1200.0 newY=1200.0
15:05:53.685 [repro] verdict: row 0 at screen y=278.3, moved +0.0
15:05:53.788 [mvcp] prepare anchorMode=2 offset=1200.0 contentH=7864.0 anchor=subviews[20/41] tag=1974 y=1200.0 h=204.0
15:05:53.788 [mvcp] adjust guardMode=1 offset=1200.0 contentH=7864.0 anchor=alive tag=1974/1974 attached=YES prevY=1200.0 newY=1200.0
15:05:54.736 [mvcp] prepare anchorMode=2 offset=1200.0 contentH=7864.0 anchor=subviews[20/41] tag=1974 y=1200.0 h=204.0
15:05:54.739 [mvcp] adjust guardMode=1 offset=0.0 contentH=3692.0 anchor=nil tag=0/0 attached=NO prevY=0.0 newY=0.0
15:05:54.739 [mvcp] adjust bail: no anchor (main)
15:05:54.743 [repro] contentSize h=3692.0 vl=[0,9]
15:05:54.811 [mvcp] prepare anchorMode=2 offset=0.0 contentH=3692.0 anchor=subviews[1/12] tag=2576 y=120.0 h=204.0
15:05:54.813 [mvcp] adjust guardMode=1 offset=0.0 contentH=6562.0 anchor=alive tag=2576/2576 attached=YES prevY=120.0 newY=120.0
15:05:54.815 [repro] contentSize h=6562.0 vl=[0,18]
15:05:56.235 [mvcp] prepare anchorMode=2 offset=0.0 contentH=6562.0 anchor=subviews[1/21] tag=2576 y=120.0 h=204.0
15:05:56.235 [mvcp] adjust guardMode=1 offset=0.0 contentH=6562.0 anchor=alive tag=2576/2576 attached=YES prevY=120.0 newY=120.0
